Archive member included because of file (symbol)

c:/winavr-20100110/bin/../lib/gcc/avr/4.3.3/../../../../avr/lib/avr51\libm.a(addsf3.o)
                              main.o (__subsf3)
c:/winavr-20100110/bin/../lib/gcc/avr/4.3.3/../../../../avr/lib/avr51\libm.a(addsf3x.o)
                              c:/winavr-20100110/bin/../lib/gcc/avr/4.3.3/../../../../avr/lib/avr51\libm.a(addsf3.o) (__addsf3x)
c:/winavr-20100110/bin/../lib/gcc/avr/4.3.3/../../../../avr/lib/avr51\libm.a(atan2.o)
                              ROBKO_01.o (atan2)
c:/winavr-20100110/bin/../lib/gcc/avr/4.3.3/../../../../avr/lib/avr51\libm.a(atan.o)
                              ROBKO_01.o (atan)
c:/winavr-20100110/bin/../lib/gcc/avr/4.3.3/../../../../avr/lib/avr51\libm.a(cmpsf2.o)
                              main.o (__nesf2)
c:/winavr-20100110/bin/../lib/gcc/avr/4.3.3/../../../../avr/lib/avr51\libm.a(cos.o)
                              ROBKO_01.o (cos)
c:/winavr-20100110/bin/../lib/gcc/avr/4.3.3/../../../../avr/lib/avr51\libm.a(divsf3.o)
                              main.o (__divsf3)
c:/winavr-20100110/bin/../lib/gcc/avr/4.3.3/../../../../avr/lib/avr51\libm.a(divsf3x.o)
                              c:/winavr-20100110/bin/../lib/gcc/avr/4.3.3/../../../../avr/lib/avr51\libm.a(divsf3.o) (__divsf3x)
c:/winavr-20100110/bin/../lib/gcc/avr/4.3.3/../../../../avr/lib/avr51\libm.a(fixsfsi.o)
                              main.o (__fixsfsi)
c:/winavr-20100110/bin/../lib/gcc/avr/4.3.3/../../../../avr/lib/avr51\libm.a(fixunssfsi.o)
                              c:/winavr-20100110/bin/../lib/gcc/avr/4.3.3/../../../../avr/lib/avr51\libm.a(fixsfsi.o) (__fixunssfsi)
c:/winavr-20100110/bin/../lib/gcc/avr/4.3.3/../../../../avr/lib/avr51\libm.a(floatsisf.o)
                              main.o (__floatsisf)
c:/winavr-20100110/bin/../lib/gcc/avr/4.3.3/../../../../avr/lib/avr51\libm.a(fp_cmp.o)
                              c:/winavr-20100110/bin/../lib/gcc/avr/4.3.3/../../../../avr/lib/avr51\libm.a(cmpsf2.o) (__fp_cmp)
c:/winavr-20100110/bin/../lib/gcc/avr/4.3.3/../../../../avr/lib/avr51\libm.a(fp_inf.o)
                              c:/winavr-20100110/bin/../lib/gcc/avr/4.3.3/../../../../avr/lib/avr51\libm.a(addsf3x.o) (__fp_inf)
c:/winavr-20100110/bin/../lib/gcc/avr/4.3.3/../../../../avr/lib/avr51\libm.a(fp_nan.o)
                              c:/winavr-20100110/bin/../lib/gcc/avr/4.3.3/../../../../avr/lib/avr51\libm.a(addsf3x.o) (__fp_nan)
c:/winavr-20100110/bin/../lib/gcc/avr/4.3.3/../../../../avr/lib/avr51\libm.a(fp_powser.o)
                              c:/winavr-20100110/bin/../lib/gcc/avr/4.3.3/../../../../avr/lib/avr51\libm.a(atan.o) (__fp_powser)
c:/winavr-20100110/bin/../lib/gcc/avr/4.3.3/../../../../avr/lib/avr51\libm.a(fp_pscA.o)
                              c:/winavr-20100110/bin/../lib/gcc/avr/4.3.3/../../../../avr/lib/avr51\libm.a(addsf3x.o) (__fp_pscA)
c:/winavr-20100110/bin/../lib/gcc/avr/4.3.3/../../../../avr/lib/avr51\libm.a(fp_pscB.o)
                              c:/winavr-20100110/bin/../lib/gcc/avr/4.3.3/../../../../avr/lib/avr51\libm.a(addsf3x.o) (__fp_pscB)
c:/winavr-20100110/bin/../lib/gcc/avr/4.3.3/../../../../avr/lib/avr51\libm.a(fp_rempio2.o)
                              c:/winavr-20100110/bin/../lib/gcc/avr/4.3.3/../../../../avr/lib/avr51\libm.a(cos.o) (__fp_rempio2)
c:/winavr-20100110/bin/../lib/gcc/avr/4.3.3/../../../../avr/lib/avr51\libm.a(fp_round.o)
                              c:/winavr-20100110/bin/../lib/gcc/avr/4.3.3/../../../../avr/lib/avr51\libm.a(addsf3.o) (__fp_round)
c:/winavr-20100110/bin/../lib/gcc/avr/4.3.3/../../../../avr/lib/avr51\libm.a(fp_sinus.o)
                              c:/winavr-20100110/bin/../lib/gcc/avr/4.3.3/../../../../avr/lib/avr51\libm.a(cos.o) (__fp_sinus)
c:/winavr-20100110/bin/../lib/gcc/avr/4.3.3/../../../../avr/lib/avr51\libm.a(fp_split3.o)
                              c:/winavr-20100110/bin/../lib/gcc/avr/4.3.3/../../../../avr/lib/avr51\libm.a(addsf3x.o) (__fp_split3)
c:/winavr-20100110/bin/../lib/gcc/avr/4.3.3/../../../../avr/lib/avr51\libm.a(fp_zero.o)
                              c:/winavr-20100110/bin/../lib/gcc/avr/4.3.3/../../../../avr/lib/avr51\libm.a(addsf3x.o) (__fp_zero)
c:/winavr-20100110/bin/../lib/gcc/avr/4.3.3/../../../../avr/lib/avr51\libm.a(gesf2.o)
                              ROBKO_01.o (__gesf2)
c:/winavr-20100110/bin/../lib/gcc/avr/4.3.3/../../../../avr/lib/avr51\libm.a(inverse.o)
                              c:/winavr-20100110/bin/../lib/gcc/avr/4.3.3/../../../../avr/lib/avr51\libm.a(atan.o) (inverse)
c:/winavr-20100110/bin/../lib/gcc/avr/4.3.3/../../../../avr/lib/avr51\libm.a(mulsf3.o)
                              main.o (__mulsf3)
c:/winavr-20100110/bin/../lib/gcc/avr/4.3.3/../../../../avr/lib/avr51\libm.a(mulsf3x.o)
                              c:/winavr-20100110/bin/../lib/gcc/avr/4.3.3/../../../../avr/lib/avr51\libm.a(atan.o) (__mulsf3x)
c:/winavr-20100110/bin/../lib/gcc/avr/4.3.3/../../../../avr/lib/avr51\libm.a(sin.o)
                              ROBKO_01.o (sin)
c:/winavr-20100110/bin/../lib/gcc/avr/4.3.3/../../../../avr/lib/avr51\libm.a(sqrt.o)
                              main.o (sqrt)
c:/winavr-20100110/bin/../lib/gcc/avr/4.3.3/../../../../avr/lib/avr51\libm.a(square.o)
                              c:/winavr-20100110/bin/../lib/gcc/avr/4.3.3/../../../../avr/lib/avr51\libm.a(atan.o) (square)
c:/winavr-20100110/bin/../lib/gcc/avr/4.3.3/../../../../avr/lib/avr51\libm.a(fp_mpack.o)
                              c:/winavr-20100110/bin/../lib/gcc/avr/4.3.3/../../../../avr/lib/avr51\libm.a(sqrt.o) (__fp_mpack)
c:/winavr-20100110/bin/../lib/gcc/avr/4.3.3/../../../../avr/lib/avr51\libm.a(fp_norm2.o)
                              c:/winavr-20100110/bin/../lib/gcc/avr/4.3.3/../../../../avr/lib/avr51\libm.a(sqrt.o) (__fp_norm2)
c:/winavr-20100110/bin/../lib/gcc/avr/4.3.3/../../../../avr/lib/avr51\libm.a(fp_powsodd.o)
                              c:/winavr-20100110/bin/../lib/gcc/avr/4.3.3/../../../../avr/lib/avr51\libm.a(fp_sinus.o) (__fp_powsodd)
c:/winavr-20100110/bin/../lib/gcc/avr/4.3.3/avr51\libgcc.a(_mulsi3.o)
                              porttimer.o (__mulsi3)
c:/winavr-20100110/bin/../lib/gcc/avr/4.3.3/avr51\libgcc.a(_divmodqi4.o)
                              ds1307.o (__divmodqi4)
c:/winavr-20100110/bin/../lib/gcc/avr/4.3.3/avr51\libgcc.a(_udivmodhi4.o)
                              tcp.o (__udivmodhi4)
c:/winavr-20100110/bin/../lib/gcc/avr/4.3.3/avr51\libgcc.a(_udivmodsi4.o)
                              portserial.o (__udivmodsi4)
c:/winavr-20100110/bin/../lib/gcc/avr/4.3.3/avr51\libgcc.a(_exit.o)
                              c:/winavr-20100110/bin/../lib/gcc/avr/4.3.3/../../../../avr/lib/avr51/crtm128.o (exit)
c:/winavr-20100110/bin/../lib/gcc/avr/4.3.3/avr51\libgcc.a(_clear_bss.o)
                              main.o (__do_clear_bss)
c:/winavr-20100110/bin/../lib/gcc/avr/4.3.3/avr51\libgcc.a(_udivmodqi4.o)
                              c:/winavr-20100110/bin/../lib/gcc/avr/4.3.3/avr51\libgcc.a(_divmodqi4.o) (__udivmodqi4)
c:/winavr-20100110/bin/../lib/gcc/avr/4.3.3/../../../../avr/lib/avr51\libc.a(strncpy_P.o)
                              tcp.o (strncpy_P)
c:/winavr-20100110/bin/../lib/gcc/avr/4.3.3/../../../../avr/lib/avr51\libc.a(memcmp.o)
                              arp.o (memcmp)
c:/winavr-20100110/bin/../lib/gcc/avr/4.3.3/../../../../avr/lib/avr51\libc.a(memcpy.o)
                              mbfuncother.o (memcpy)
c:/winavr-20100110/bin/../lib/gcc/avr/4.3.3/../../../../avr/lib/avr51\libc.a(memmove.o)
                              tcp_queue.o (memmove)
c:/winavr-20100110/bin/../lib/gcc/avr/4.3.3/../../../../avr/lib/avr51\libc.a(memset.o)
                              main.o (memset)
c:/winavr-20100110/bin/../lib/gcc/avr/4.3.3/../../../../avr/lib/avr51\libc.a(eerd_block_atmega128.o)
                              main.o (__eerd_block_m128)
c:/winavr-20100110/bin/../lib/gcc/avr/4.3.3/../../../../avr/lib/avr51\libc.a(eewr_block_atmega128.o)
                              main.o (__eewr_block_m128)
c:/winavr-20100110/bin/../lib/gcc/avr/4.3.3/../../../../avr/lib/avr51\libc.a(eewr_byte_atmega128.o)
                              c:/winavr-20100110/bin/../lib/gcc/avr/4.3.3/../../../../avr/lib/avr51\libc.a(eewr_block_atmega128.o) (__eewr_r18_m128)

Allocating common symbols
Common symbol       size              file

uiRegHolding        0x1e              main.o
pxMBFrameCBTransmitterEmpty
                    0x2               mb.o
dz                  0x4               main.o
Z2                  0x2               main.o
pxMBPortCBTimerExpired
                    0x2               mb.o
dG                  0x4               main.o
P1                  0x4               main.o
inPort              0x20              main.o
hour_mode           0x1               ds1307.o
Y2                  0x2               main.o
X2                  0x2               main.o
P2                  0x2               main.o
ucRTUBuf            0x100             mbrtu.o
ethernet_rx_buffer  0x1da             ethernet.o
flagAllMotorNotMove
                    0x1               main.o
ethernet_tx_buffer  0x1da             ethernet.o
pxMBFrameCBByteReceived
                    0x2               mb.o
R1                  0x4               main.o
dx                  0x4               main.o
pxMBFrameCBTransmitFSMCur
                    0x2               mb.o
X1                  0x4               main.o
uiRegInputBuf       0x1e              main.o
delta               0x4               main.o
dy                  0x4               main.o
pxMBFrameCBReceiveFSMCur
                    0x2               mb.o
R2                  0x2               main.o
arrMotor            0x24              main.o
Z1                  0x4               main.o
G2                  0x2               main.o
dR                  0x4               main.o
ds1307_addr         0x7               ds1307.o
G1                  0x4               main.o
outPort             0x18              main.o
a                   0x4               main.o
Y1                  0x4               main.o
ucRegCoilsBuf       0x3               main.o
ampm_mode           0x1               ds1307.o
dP                  0x4               main.o
arrPos              0x18              main.o

Memory Configuration

Name             Origin             Length             Attributes
text             0x00000000         0x00020000         xr
data             0x00800060         0x0000ffa0         rw !x
eeprom           0x00810000         0x00010000         rw !x
fuse             0x00820000         0x00000400         rw !x
lock             0x00830000         0x00000400         rw !x
signature        0x00840000         0x00000400         rw !x
*default*        0x00000000         0xffffffff

Linker script and memory map

Address of section .data set to 0x800100
LOAD c:/winavr-20100110/bin/../lib/gcc/avr/4.3.3/../../../../avr/lib/avr51/crtm128.o
LOAD main.o
LOAD portevent.o
LOAD portserial.o
LOAD porttimer.o
LOAD mb.o
LOAD mbfunccoils.o
LOAD mbfuncdiag.o
LOAD mbfuncdisc.o
LOAD mbfuncholding.o
LOAD mbfuncinput.o
LOAD mbfuncother.o
LOAD mbutils.o
LOAD mbcrc.o
LOAD mbrtu.o
LOAD ROBKO_01.o
LOAD arp.o
LOAD ethernet.o
LOAD icmp.o
LOAD ip.o
LOAD net.o
LOAD tcp.o
LOAD tcp_queue.o
LOAD udp.o
LOAD spi.o
LOAD clock.o
LOAD timer.o
LOAD enc424j600.o
LOAD porttcp.o
LOAD mbtcp.o
LOAD dhcp_client.o
LOAD ds1307.o
LOAD i2c.o
LOAD c:/winavr-20100110/bin/../lib/gcc/avr/4.3.3/../../../../avr/lib/avr51\libm.a
LOAD c:/winavr-20100110/bin/../lib/gcc/avr/4.3.3/avr51\libgcc.a
LOAD c:/winavr-20100110/bin/../lib/gcc/avr/4.3.3/../../../../avr/lib/avr51\libc.a
LOAD c:/winavr-20100110/bin/../lib/gcc/avr/4.3.3/avr51\libgcc.a

.hash
 *(.hash)

.dynsym
 *(.dynsym)

.dynstr
 *(.dynstr)

.gnu.version
 *(.gnu.version)

.gnu.version_d
 *(.gnu.version_d)

.gnu.version_r
 *(.gnu.version_r)

.rel.init
 *(.rel.init)

.rela.init
 *(.rela.init)

.rel.text
 *(.rel.text)
 *(.rel.text.*)
 *(.rel.gnu.linkonce.t*)

.rela.text
 *(.rela.text)
 *(.rela.text.*)
 *(.rela.gnu.linkonce.t*)

.rel.fini
 *(.rel.fini)

.rela.fini
 *(.rela.fini)

.rel.rodata
 *(.rel.rodata)
 *(.rel.rodata.*)
 *(.rel.gnu.linkonce.r*)

.rela.rodata
 *(.rela.rodata)
 *(.rela.rodata.*)
 *(.rela.gnu.linkonce.r*)

.rel.data
 *(.rel.data)
 *(.rel.data.*)
 *(.rel.gnu.linkonce.d*)

.rela.data
 *(.rela.data)
 *(.rela.data.*)
 *(.rela.gnu.linkonce.d*)

.rel.ctors
 *(.rel.ctors)

.rela.ctors
 *(.rela.ctors)

.rel.dtors
 *(.rel.dtors)

.rela.dtors
 *(.rela.dtors)

.rel.got
 *(.rel.got)

.rela.got
 *(.rela.got)

.rel.bss
 *(.rel.bss)

.rela.bss
 *(.rela.bss)

.rel.plt
 *(.rel.plt)

.rela.plt
 *(.rela.plt)

.text           0x00000000     0x8008
 *(.vectors)
 .vectors       0x00000000       0x8c c:/winavr-20100110/bin/../lib/gcc/avr/4.3.3/../../../../avr/lib/avr51/crtm128.o
                0x00000000                __vectors
                0x00000000                __vector_default
 *(.vectors)
 *(.progmem.gcc*)
 .progmem.gcc_fplib
                0x0000008c       0x2d c:/winavr-20100110/bin/../lib/gcc/avr/4.3.3/../../../../avr/lib/avr51\libm.a(atan.o)
 .progmem.gcc_fplib
                0x000000b9       0x1e c:/winavr-20100110/bin/../lib/gcc/avr/4.3.3/../../../../avr/lib/avr51\libm.a(fp_sinus.o)
 *(.progmem*)
 .progmem.data  0x000000d7      0x200 mbcrc.o
                0x000000d7                aucCRCHi
                0x000001d7                aucCRCLo
                0x000002d8                . = ALIGN (0x2)
 *fill*         0x000002d7        0x1 00
                0x000002d8                __trampolines_start = .
 *(.trampolines)
 .trampolines   0x000002d8        0x0 linker stubs
 *(.trampolines*)
                0x000002d8                __trampolines_end = .
 *(.jumptables)
 *(.jumptables*)
 *(.lowtext)
 *(.lowtext*)
                0x000002d8                __ctors_start = .
 *(.ctors)
                0x000002d8                __ctors_end = .
                0x000002d8                __dtors_start = .
 *(.dtors)
                0x000002d8                __dtors_end = .
 SORT(*)(.ctors)
 SORT(*)(.dtors)
 *(.init0)
 .init0         0x000002d8        0x0 c:/winavr-20100110/bin/../lib/gcc/avr/4.3.3/../../../../avr/lib/avr51/crtm128.o
                0x000002d8                __init
 *(.init0)
 *(.init1)
 *(.init1)
 *(.init2)
 .init2         0x000002d8        0xc c:/winavr-20100110/bin/../lib/gcc/avr/4.3.3/../../../../avr/lib/avr51/crtm128.o
 *(.init2)
 *(.init3)
 *(.init3)
 *(.init4)
 .init4         0x000002e4       0x1a c:/winavr-20100110/bin/../lib/gcc/avr/4.3.3/../../../../avr/lib/avr51/crtm128.o
                0x000002e4                __do_copy_data
 .init4         0x000002fe       0x10 c:/winavr-20100110/bin/../lib/gcc/avr/4.3.3/avr51\libgcc.a(_clear_bss.o)
                0x000002fe                __do_clear_bss
 *(.init4)
 *(.init5)
 *(.init5)
 *(.init6)
 *(.init6)
 *(.init7)
 *(.init7)
 *(.init8)
 *(.init8)
 *(.init9)
 .init9         0x0000030e        0x8 c:/winavr-20100110/bin/../lib/gcc/avr/4.3.3/../../../../avr/lib/avr51/crtm128.o
 *(.init9)
 *(.text)
 .text          0x00000316        0x4 c:/winavr-20100110/bin/../lib/gcc/avr/4.3.3/../../../../avr/lib/avr51/crtm128.o
                0x00000316                __vector_22
                0x00000316                __vector_28
                0x00000316                __vector_1
                0x00000316                __vector_34
                0x00000316                __vector_24
                0x00000316                __bad_interrupt
                0x00000316                __vector_6
                0x00000316                __vector_3
                0x00000316                __vector_23
                0x00000316                __vector_25
                0x00000316                __vector_11
                0x00000316                __vector_13
                0x00000316                __vector_17
                0x00000316                __vector_19
                0x00000316                __vector_7
                0x00000316                __vector_27
                0x00000316                __vector_5
                0x00000316                __vector_33
                0x00000316                __vector_2
                0x00000316                __vector_21
                0x00000316                __vector_15
                0x00000316                __vector_29
                0x00000316                __vector_8
                0x00000316                __vector_14
                0x00000316                __vector_10
                0x00000316                __vector_16
                0x00000316                __vector_18
                0x00000316                __vector_20
 .text          0x0000031a     0x16f4 main.o
                0x000007de                robko01_SavePos
                0x00000760                robko01_LoadPos
                0x000007f0                eMBRegDiscreteCB
                0x0000092a                main
                0x00000408                __vector_4
                0x0000041c                __vector_9
                0x0000031a                eMBRegInputCB
                0x0000046a                __vector_26
                0x0000036a                eMBRegHoldingCB
                0x0000088a                eMBRegCoilsCB
 .text          0x00001a0e       0x52 portevent.o
                0x00001a0e                xMBPortEventInit
                0x00001a28                xMBPortEventGet
                0x00001a16                xMBPortEventPost
                0x00001a46                xMBPortEventRead
 .text          0x00001a60      0x304 portserial.o
                0x00001c9e                __vector_32
                0x00001a60                vMBPortSerialEnable
                0x00001d0e                __vector_31
                0x00001c92                xMBPortSerialGetByte
                0x00001cb2                __vector_30
                0x00001a98                xMBPortSerialInit
                0x00001c8a                xMBPortSerialPutByte
 .text          0x00001d64       0xc6 porttimer.o
                0x00001dd4                __vector_12
                0x00001d9c                xMBPortTimersInit
                0x00001d88                vMBPortTimersDisable
                0x00001d64                vMBPortTimersEnable
 .text          0x00001e2a      0x394 mb.o
                0x00002082                eMBTCPInit
                0x00001f12                eMBDisable
                0x00001ebe                eMBClose
                0x00001f48                eMBPoll
                0x00001ee6                eMBEnable
                0x00001e2a                eMBRegisterCB
                0x000020fc                eMBInit
 .text          0x000021be      0x1d4 mbfunccoils.o
                0x00002250                eMBFuncWriteCoil
                0x000022d8                eMBFuncReadCoils
                0x000021be                eMBFuncWriteMultipleCoils
 .text          0x00002392        0x0 mbfuncdiag.o
 .text          0x00002392       0xb6 mbfuncdisc.o
                0x00002392                eMBFuncReadDiscreteInputs
 .text          0x00002448      0x28c mbfuncholding.o
                0x00002572                eMBFuncReadHoldingRegister
                0x00002686                eMBFuncWriteHoldingRegister
                0x0000260c                eMBFuncWriteMultipleHoldingRegister
                0x00002448                eMBFuncReadWriteMultipleHoldingRegister
 .text          0x000026d4       0xa0 mbfuncinput.o
                0x000026d4                eMBFuncReadInputRegister
 .text          0x00002774       0xa0 mbfuncother.o
                0x000027ae                eMBSetSlaveID
                0x00002774                eMBFuncReportSlaveID
 .text          0x00002814       0xee mbutils.o
                0x00002888                xMBUtilGetBits
                0x00002814                xMBUtilSetBits
                0x000028d6                prveMBError2Exception
 .text          0x00002902       0x3e mbcrc.o
                0x00002902                usMBCRC16
 .text          0x00002940      0x320 mbrtu.o
                0x00002ab2                eMBRTUStart
                0x00002be4                eMBRTUInit
                0x0000298e                xMBRTUTransmitFSM
                0x00002a0e                xMBRTUReceiveFSM
                0x00002acc                eMBRTUSend
                0x00002940                xMBRTUTimerT35Expired
                0x00002b74                eMBRTUReceive
                0x0000297c                eMBRTUStop
 .text          0x00002c60      0xc7a ROBKO_01.o
                0x00003070                Robko01_Inverse_Kinematics
                0x00002cce                degrees
                0x00002cdc                Robko01_Forward_Kinematics_From_Motor_Pos
                0x000035ba                Robko01_Inverse_Kinematics_fig4_4
                0x00002cc0                radians
                0x00002c60                SGN
 .text          0x000038da      0x34c arp.o
                0x000038da                arp_get_mac
                0x00003bd6                arp_init
                0x00003a0a                arp_handle_packet
 .text          0x00003c26       0xd8 ethernet.o
                0x00003c2c                ethernet_send_packet
                0x00003c26                ethernet_get_mac
                0x00003c92                ethernet_handle_packet
                0x00003cd8                ethernet_init
 .text          0x00003cfe       0x9a icmp.o
                0x00003d00                icmp_handle_packet
                0x00003cfe                icmp_init
 .text          0x00003d98      0x3b0 ip.o
                0x00003da4                ip_get_gateway
                0x00003daa                ip_get_broadcast
                0x00003d9e                ip_get_netmask
                0x00003e2a                ip_set_netmask
                0x00003ebe                ip_send_packet
                0x00003dfa                ip_set_gateway
                0x00003e98                ip_init
                0x0000403a                ip_handle_packet
                0x00003e68                ip_set_address
                0x00003d98                ip_get_address
 .text          0x00004148       0x62 net.o
                0x00004194                hton32
                0x00004148                net_calc_checksum
                0x00004188                hton16
 .text          0x000041aa     0x15d8 tcp.o
                0x000045b0                tcp_socket_free
                0x000042f0                tcp_buffer_used_rx
                0x0000449e                tcp_write
                0x000041aa                tcp_disconnect
                0x000046dc                tcp_socket_alloc
                0x000043f0                tcp_skip
                0x0000462c                tcp_listen
                0x00005548                tcp_init
                0x00004712                tcp_connect
                0x00004326                tcp_buffer_tx
                0x00004284                tcp_buffer_used_tx
                0x0000435c                tcp_buffer_rx
                0x000041fc                tcp_accept
                0x00004476                tcp_read
                0x00004430                tcp_peek
                0x00004c9e                tcp_handle_packet
                0x000042ba                tcp_buffer_space_rx
                0x00004392                tcp_reserve
                0x000044fc                tcp_write_string_P
                0x0000424e                tcp_buffer_space_tx
 .text          0x00005782      0x5f2 tcp_queue.o
                0x000057f6                tcp_queue_free
                0x00005bc4                tcp_queue_get_rx
                0x00005bf8                tcp_queue_skip_rx
                0x0000581e                tcp_queue_space_rx
                0x0000580a                tcp_queue_used_rx
                0x00005b14                tcp_queue_peek_tx
                0x00005a70                tcp_queue_put_tx
                0x00005bfe                tcp_queue_used_buffer_rx
                0x0000595c                tcp_queue_used_tx
                0x00005882                tcp_queue_space_buffer_tx
                0x00005782                tcp_queue_alloc
                0x000059a0                tcp_queue_clear
                0x00005842                tcp_queue_reserve_tx
                0x00005b84                tcp_queue_skip_tx
                0x00005b1e                tcp_queue_peek_rx
                0x00005978                tcp_queue_space_tx
                0x00005b8e                tcp_queue_get_tx
                0x00005a7a                tcp_queue_put_rx
 .text          0x00005d74      0x3f6 udp.o
                0x00005d74                udp_socket_free
                0x00005d9c                udp_bind_local
                0x0000607c                udp_handle_packet
                0x00005e5a                udp_socket_alloc
                0x00005e26                udp_unbind_remote
                0x0000602c                udp_bind_remote
                0x00005f4c                udp_send
                0x00005ee4                udp_init
 .text          0x0000616a       0x62 spi.o
                0x0000616a                spi_init
                0x00006184                spi_rec_byte
                0x000061c4                spi_high_frequency
                0x000061a6                spi_rec_data
                0x00006190                spi_send_data
                0x0000617c                spi_send_byte
                0x000061bc                spi_low_frequency
 .text          0x000061cc      0x1ec clock.o
                0x00006368                clock_init
                0x000061cc                clock_get
                0x000061de                clock_set
                0x000061f0                clock_interpret
 .text          0x000063b8      0x228 timer.o
                0x00006558                timer_interval
                0x0000649c                timer_get_user
                0x00006470                timer_expired
                0x0000651c                timer_alloc
                0x00006448                timer_stop
                0x000063d8                timer_set
                0x000063b8                timer_free
                0x000064ce                timer_set_user
 .text          0x000065e0      0x630 enc424j600.o
                0x00006a0c                enc424j600Init
                0x0000670a                enc424j600ExecuteOp32
                0x000068fe                enc424j600MACFlush
                0x000069a8                enc424j600SendSystemReset
                0x00006892                enc424j600WritePHYReg
                0x00006bd0                enc424j600PacketSend
                0x00006af6                enc424j600PacketReceive
                0x000065e0                enc424j600WriteMemoryWindow
                0x00006654                enc424j600ExecuteOp8
                0x00006614                enc424j600ReadMemoryWindow
                0x00006668                enc424j600ExecuteOp16
                0x00006988                enc424j600MACIsTxReady
                0x0000699a                enc424j600MACIsLinked
                0x000068c2                enc424j600ReadPHYReg
 .text          0x00006c10      0x224 porttcp.o
                0x00006cfa                xMBTCPPortInit
                0x00006ca8                xMBTCPPortSendResponse
                0x00006c38                xMBTCPPortGetRequest
                0x00006c10                vMBTCPPortDisable
                0x00006c7e                vMBTCPPortClose
 .text          0x00006e34       0xd4 mbtcp.o
                0x00006e68                eMBTCPReceive
                0x00006e34                eMBTCPStart
                0x00006e36                eMBTCPSend
                0x00006ef2                eMBTCPDoInit
                0x00006eec                eMBTCPStop
 .text          0x00006f08      0x5b8 dhcp_client.o
                0x00006f08                dhcp_client_abort
                0x00006f36                dhcp_client_start
 .text          0x000074c0      0x1cc ds1307.o
                0x00007586                Read_DS1307
                0x0000750a                Write_DS1307
                0x000074c0                dec2bcd
                0x000074e8                bcd2dec
 .text          0x0000768c      0x126 i2c.o
                0x0000776a                i2c_write
                0x00007718                i2c_start
                0x0000768c                i2c_transmit
                0x00007762                i2c_stop
                0x00007780                i2c_read
 .text          0x000077b2        0x0 c:/winavr-20100110/bin/../lib/gcc/avr/4.3.3/../../../../avr/lib/avr51\libm.a(addsf3.o)
 .text          0x000077b2        0x0 c:/winavr-20100110/bin/../lib/gcc/avr/4.3.3/../../../../avr/lib/avr51\libm.a(addsf3x.o)
 .text          0x000077b2        0x0 c:/winavr-20100110/bin/../lib/gcc/avr/4.3.3/../../../../avr/lib/avr51\libm.a(atan2.o)
 .text          0x000077b2        0x0 c:/winavr-20100110/bin/../lib/gcc/avr/4.3.3/../../../../avr/lib/avr51\libm.a(atan.o)
 .text          0x000077b2        0x0 c:/winavr-20100110/bin/../lib/gcc/avr/4.3.3/../../../../avr/lib/avr51\libm.a(cmpsf2.o)
 .text          0x000077b2        0x0 c:/winavr-20100110/bin/../lib/gcc/avr/4.3.3/../../../../avr/lib/avr51\libm.a(cos.o)
 .text          0x000077b2        0x0 c:/winavr-20100110/bin/../lib/gcc/avr/4.3.3/../../../../avr/lib/avr51\libm.a(divsf3.o)
 .text          0x000077b2        0x0 c:/winavr-20100110/bin/../lib/gcc/avr/4.3.3/../../../../avr/lib/avr51\libm.a(divsf3x.o)
 .text          0x000077b2        0x0 c:/winavr-20100110/bin/../lib/gcc/avr/4.3.3/../../../../avr/lib/avr51\libm.a(fixsfsi.o)
 .text          0x000077b2        0x0 c:/winavr-20100110/bin/../lib/gcc/avr/4.3.3/../../../../avr/lib/avr51\libm.a(fixunssfsi.o)
 .text          0x000077b2        0x0 c:/winavr-20100110/bin/../lib/gcc/avr/4.3.3/../../../../avr/lib/avr51\libm.a(floatsisf.o)
 .text          0x000077b2        0x0 c:/winavr-20100110/bin/../lib/gcc/avr/4.3.3/../../../../avr/lib/avr51\libm.a(fp_cmp.o)
 .text          0x000077b2        0x0 c:/winavr-20100110/bin/../lib/gcc/avr/4.3.3/../../../../avr/lib/avr51\libm.a(fp_inf.o)
 .text          0x000077b2        0x0 c:/winavr-20100110/bin/../lib/gcc/avr/4.3.3/../../../../avr/lib/avr51\libm.a(fp_nan.o)
 .text          0x000077b2        0x0 c:/winavr-20100110/bin/../lib/gcc/avr/4.3.3/../../../../avr/lib/avr51\libm.a(fp_powser.o)
 .text          0x000077b2        0x0 c:/winavr-20100110/bin/../lib/gcc/avr/4.3.3/../../../../avr/lib/avr51\libm.a(fp_pscA.o)
 .text          0x000077b2        0x0 c:/winavr-20100110/bin/../lib/gcc/avr/4.3.3/../../../../avr/lib/avr51\libm.a(fp_pscB.o)
 .text          0x000077b2        0x0 c:/winavr-20100110/bin/../lib/gcc/avr/4.3.3/../../../../avr/lib/avr51\libm.a(fp_rempio2.o)
 .text          0x000077b2        0x0 c:/winavr-20100110/bin/../lib/gcc/avr/4.3.3/../../../../avr/lib/avr51\libm.a(fp_round.o)
 .text          0x000077b2        0x0 c:/winavr-20100110/bin/../lib/gcc/avr/4.3.3/../../../../avr/lib/avr51\libm.a(fp_sinus.o)
 .text          0x000077b2        0x0 c:/winavr-20100110/bin/../lib/gcc/avr/4.3.3/../../../../avr/lib/avr51\libm.a(fp_split3.o)
 .text          0x000077b2        0x0 c:/winavr-20100110/bin/../lib/gcc/avr/4.3.3/../../../../avr/lib/avr51\libm.a(fp_zero.o)
 .text          0x000077b2        0x0 c:/winavr-20100110/bin/../lib/gcc/avr/4.3.3/../../../../avr/lib/avr51\libm.a(gesf2.o)
 .text          0x000077b2        0x0 c:/winavr-20100110/bin/../lib/gcc/avr/4.3.3/../../../../avr/lib/avr51\libm.a(inverse.o)
 .text          0x000077b2        0x0 c:/winavr-20100110/bin/../lib/gcc/avr/4.3.3/../../../../avr/lib/avr51\libm.a(mulsf3.o)
 .text          0x000077b2        0x0 c:/winavr-20100110/bin/../lib/gcc/avr/4.3.3/../../../../avr/lib/avr51\libm.a(mulsf3x.o)
 .text          0x000077b2        0x0 c:/winavr-20100110/bin/../lib/gcc/avr/4.3.3/../../../../avr/lib/avr51\libm.a(sin.o)
 .text          0x000077b2        0x0 c:/winavr-20100110/bin/../lib/gcc/avr/4.3.3/../../../../avr/lib/avr51\libm.a(sqrt.o)
 .text          0x000077b2        0x0 c:/winavr-20100110/bin/../lib/gcc/avr/4.3.3/../../../../avr/lib/avr51\libm.a(square.o)
 .text          0x000077b2        0x0 c:/winavr-20100110/bin/../lib/gcc/avr/4.3.3/../../../../avr/lib/avr51\libm.a(fp_mpack.o)
 .text          0x000077b2        0x0 c:/winavr-20100110/bin/../lib/gcc/avr/4.3.3/../../../../avr/lib/avr51\libm.a(fp_norm2.o)
 .text          0x000077b2        0x0 c:/winavr-20100110/bin/../lib/gcc/avr/4.3.3/../../../../avr/lib/avr51\libm.a(fp_powsodd.o)
 .text          0x000077b2        0x0 c:/winavr-20100110/bin/../lib/gcc/avr/4.3.3/avr51\libgcc.a(_mulsi3.o)
 .text          0x000077b2        0x0 c:/winavr-20100110/bin/../lib/gcc/avr/4.3.3/avr51\libgcc.a(_divmodqi4.o)
 .text          0x000077b2        0x0 c:/winavr-20100110/bin/../lib/gcc/avr/4.3.3/avr51\libgcc.a(_udivmodhi4.o)
 .text          0x000077b2        0x0 c:/winavr-20100110/bin/../lib/gcc/avr/4.3.3/avr51\libgcc.a(_udivmodsi4.o)
 .text          0x000077b2        0x0 c:/winavr-20100110/bin/../lib/gcc/avr/4.3.3/avr51\libgcc.a(_exit.o)
 .text          0x000077b2        0x0 c:/winavr-20100110/bin/../lib/gcc/avr/4.3.3/avr51\libgcc.a(_clear_bss.o)
 .text          0x000077b2        0x0 c:/winavr-20100110/bin/../lib/gcc/avr/4.3.3/avr51\libgcc.a(_udivmodqi4.o)
 .text          0x000077b2        0x0 c:/winavr-20100110/bin/../lib/gcc/avr/4.3.3/../../../../avr/lib/avr51\libc.a(strncpy_P.o)
 .text          0x000077b2        0x0 c:/winavr-20100110/bin/../lib/gcc/avr/4.3.3/../../../../avr/lib/avr51\libc.a(memcmp.o)
 .text          0x000077b2        0x0 c:/winavr-20100110/bin/../lib/gcc/avr/4.3.3/../../../../avr/lib/avr51\libc.a(memcpy.o)
 .text          0x000077b2        0x0 c:/winavr-20100110/bin/../lib/gcc/avr/4.3.3/../../../../avr/lib/avr51\libc.a(memmove.o)
 .text          0x000077b2        0x0 c:/winavr-20100110/bin/../lib/gcc/avr/4.3.3/../../../../avr/lib/avr51\libc.a(memset.o)
 .text          0x000077b2        0x0 c:/winavr-20100110/bin/../lib/gcc/avr/4.3.3/../../../../avr/lib/avr51\libc.a(eerd_block_atmega128.o)
 .text          0x000077b2        0x0 c:/winavr-20100110/bin/../lib/gcc/avr/4.3.3/../../../../avr/lib/avr51\libc.a(eewr_block_atmega128.o)
 .text          0x000077b2        0x0 c:/winavr-20100110/bin/../lib/gcc/avr/4.3.3/../../../../avr/lib/avr51\libc.a(eewr_byte_atmega128.o)
                0x000077b2                . = ALIGN (0x2)
 *(.text.*)
 .text.avr-libc.fplib
                0x000077b2        0xa c:/winavr-20100110/bin/../lib/gcc/avr/4.3.3/../../../../avr/lib/avr51\libm.a(addsf3.o)
                0x000077b2                __subsf3
                0x000077b4                __addsf3
 .text.avr-libc.fplib
                0x000077bc       0xc0 c:/winavr-20100110/bin/../lib/gcc/avr/4.3.3/../../../../avr/lib/avr51\libm.a(addsf3x.o)
                0x000077d6                __addsf3x
 .text.avr-libc.fplib
                0x0000787c       0x74 c:/winavr-20100110/bin/../lib/gcc/avr/4.3.3/../../../../avr/lib/avr51\libm.a(atan2.o)
                0x0000789a                atan2
 .text.avr-libc.fplib
                0x000078f0       0x50 c:/winavr-20100110/bin/../lib/gcc/avr/4.3.3/../../../../avr/lib/avr51\libm.a(atan.o)
                0x000078f0                atan
 .text.avr-libc.fplib
                0x00007940        0x8 c:/winavr-20100110/bin/../lib/gcc/avr/4.3.3/../../../../avr/lib/avr51\libm.a(cmpsf2.o)
                0x00007940                __lesf2
                0x00007940                __nesf2
                0x00007940                __eqsf2
                0x00007940                __cmpsf2
                0x00007940                __ltsf2
 .text.avr-libc.fplib
                0x00007948        0x6 c:/winavr-20100110/bin/../lib/gcc/avr/4.3.3/../../../../avr/lib/avr51\libm.a(cos.o)
                0x00007948                cos
 .text.avr-libc.fplib
                0x0000794e        0x4 c:/winavr-20100110/bin/../lib/gcc/avr/4.3.3/../../../../avr/lib/avr51\libm.a(divsf3.o)
                0x0000794e                __divsf3
 .text.avr-libc.fplib
                0x00007952       0xcc c:/winavr-20100110/bin/../lib/gcc/avr/4.3.3/../../../../avr/lib/avr51\libm.a(divsf3x.o)
                0x00007968                __divsf3x
                0x0000796c                __divsf3_pse
 .text.avr-libc.fplib
                0x00007a1e        0xa c:/winavr-20100110/bin/../lib/gcc/avr/4.3.3/../../../../avr/lib/avr51\libm.a(fixsfsi.o)
                0x00007a1e                __fixsfsi
 .text.avr-libc.fplib
                0x00007a28       0x58 c:/winavr-20100110/bin/../lib/gcc/avr/4.3.3/../../../../avr/lib/avr51\libm.a(fixunssfsi.o)
                0x00007a28                __fixunssfsi
 .text.avr-libc.fplib
                0x00007a80       0x7a c:/winavr-20100110/bin/../lib/gcc/avr/4.3.3/../../../../avr/lib/avr51\libm.a(floatsisf.o)
                0x00007a84                __floatsisf
                0x00007a80                __floatunsisf
 .text.avr-libc.fplib
                0x00007afa       0x48 c:/winavr-20100110/bin/../lib/gcc/avr/4.3.3/../../../../avr/lib/avr51\libm.a(fp_cmp.o)
                0x00007afa                __fp_cmp
 .text.avr-libc.fplib
                0x00007b42        0xc c:/winavr-20100110/bin/../lib/gcc/avr/4.3.3/../../../../avr/lib/avr51\libm.a(fp_inf.o)
                0x00007b42                __fp_inf
 .text.avr-libc.fplib
                0x00007b4e        0x6 c:/winavr-20100110/bin/../lib/gcc/avr/4.3.3/../../../../avr/lib/avr51\libm.a(fp_nan.o)
                0x00007b4e                __fp_nan
 .text.avr-libc.fplib
                0x00007b54       0x4a c:/winavr-20100110/bin/../lib/gcc/avr/4.3.3/../../../../avr/lib/avr51\libm.a(fp_powser.o)
                0x00007b54                __fp_powser
 .text.avr-libc.fplib
                0x00007b9e        0xe c:/winavr-20100110/bin/../lib/gcc/avr/4.3.3/../../../../avr/lib/avr51\libm.a(fp_pscA.o)
                0x00007b9e                __fp_pscA
 .text.avr-libc.fplib
                0x00007bac        0xe c:/winavr-20100110/bin/../lib/gcc/avr/4.3.3/../../../../avr/lib/avr51\libm.a(fp_pscB.o)
                0x00007bac                __fp_pscB
 .text.avr-libc.fplib
                0x00007bba       0x50 c:/winavr-20100110/bin/../lib/gcc/avr/4.3.3/../../../../avr/lib/avr51\libm.a(fp_rempio2.o)
                0x00007bbc                __fp_rempio2
 .text.avr-libc.fplib
                0x00007c0a       0x22 c:/winavr-20100110/bin/../lib/gcc/avr/4.3.3/../../../../avr/lib/avr51\libm.a(fp_round.o)
                0x00007c0a                __fp_round
 .text.avr-libc.fplib
                0x00007c2c       0x22 c:/winavr-20100110/bin/../lib/gcc/avr/4.3.3/../../../../avr/lib/avr51\libm.a(fp_sinus.o)
                0x00007c2c                __fp_sinus
 .text.avr-libc.fplib
                0x00007c4e       0x44 c:/winavr-20100110/bin/../lib/gcc/avr/4.3.3/../../../../avr/lib/avr51\libm.a(fp_split3.o)
                0x00007c4e                __fp_split3
                0x00007c5e                __fp_splitA
 .text.avr-libc.fplib
                0x00007c92        0xe c:/winavr-20100110/bin/../lib/gcc/avr/4.3.3/../../../../avr/lib/avr51\libm.a(fp_zero.o)
                0x00007c92                __fp_zero
                0x00007c94                __fp_szero
 .text.avr-libc.fplib
                0x00007ca0        0x8 c:/winavr-20100110/bin/../lib/gcc/avr/4.3.3/../../../../avr/lib/avr51\libm.a(gesf2.o)
                0x00007ca0                __gtsf2
                0x00007ca0                __gesf2
 .text.avr-libc.fplib
                0x00007ca8        0xe c:/winavr-20100110/bin/../lib/gcc/avr/4.3.3/../../../../avr/lib/avr51\libm.a(inverse.o)
                0x00007ca8                inverse
 .text.avr-libc.fplib
                0x00007cb6        0x4 c:/winavr-20100110/bin/../lib/gcc/avr/4.3.3/../../../../avr/lib/avr51\libm.a(mulsf3.o)
                0x00007cb6                __mulsf3
 .text.avr-libc.fplib
                0x00007cba       0xc2 c:/winavr-20100110/bin/../lib/gcc/avr/4.3.3/../../../../avr/lib/avr51\libm.a(mulsf3x.o)
                0x00007cd2                __mulsf3_pse
                0x00007cce                __mulsf3x
 .text.avr-libc.fplib
                0x00007d7c        0xc c:/winavr-20100110/bin/../lib/gcc/avr/4.3.3/../../../../avr/lib/avr51\libm.a(sin.o)
                0x00007d7c                sin
 .text.avr-libc.fplib
                0x00007d88       0x84 c:/winavr-20100110/bin/../lib/gcc/avr/4.3.3/../../../../avr/lib/avr51\libm.a(sqrt.o)
                0x00007d90                sqrt
 .text.avr-libc.fplib
                0x00007e0c        0x6 c:/winavr-20100110/bin/../lib/gcc/avr/4.3.3/../../../../avr/lib/avr51\libm.a(square.o)
                0x00007e0c                square
 .text.avr-libc.fplib
                0x00007e12       0x1c c:/winavr-20100110/bin/../lib/gcc/avr/4.3.3/../../../../avr/lib/avr51\libm.a(fp_mpack.o)
                0x00007e16                __fp_mpack_finite
                0x00007e12                __fp_mpack
 .text.avr-libc.fplib
                0x00007e2e        0xe c:/winavr-20100110/bin/../lib/gcc/avr/4.3.3/../../../../avr/lib/avr51\libm.a(fp_norm2.o)
                0x00007e2e                __fp_norm2
 .text.avr-libc.fplib
                0x00007e3c       0x22 c:/winavr-20100110/bin/../lib/gcc/avr/4.3.3/../../../../avr/lib/avr51\libm.a(fp_powsodd.o)
                0x00007e3c                __fp_powsodd
 .text.libgcc   0x00007e5e       0x3e c:/winavr-20100110/bin/../lib/gcc/avr/4.3.3/avr51\libgcc.a(_mulsi3.o)
                0x00007e5e                __mulsi3
 .text.libgcc   0x00007e9c       0x1a c:/winavr-20100110/bin/../lib/gcc/avr/4.3.3/avr51\libgcc.a(_divmodqi4.o)
                0x00007e9c                __divmodqi4
 .text.libgcc   0x00007eb6       0x28 c:/winavr-20100110/bin/../lib/gcc/avr/4.3.3/avr51\libgcc.a(_udivmodhi4.o)
                0x00007eb6                __udivmodhi4
 .text.libgcc   0x00007ede       0x44 c:/winavr-20100110/bin/../lib/gcc/avr/4.3.3/avr51\libgcc.a(_udivmodsi4.o)
                0x00007ede                __udivmodsi4
 .text.libgcc   0x00007f22        0x0 c:/winavr-20100110/bin/../lib/gcc/avr/4.3.3/avr51\libgcc.a(_exit.o)
 .text.libgcc   0x00007f22        0x0 c:/winavr-20100110/bin/../lib/gcc/avr/4.3.3/avr51\libgcc.a(_clear_bss.o)
 .text.libgcc   0x00007f22       0x18 c:/winavr-20100110/bin/../lib/gcc/avr/4.3.3/avr51\libgcc.a(_udivmodqi4.o)
                0x00007f22                __udivmodqi4
 .text.avr-libc
                0x00007f3a       0x1e c:/winavr-20100110/bin/../lib/gcc/avr/4.3.3/../../../../avr/lib/avr51\libc.a(strncpy_P.o)
                0x00007f3a                strncpy_P
 .text.avr-libc
                0x00007f58       0x1a c:/winavr-20100110/bin/../lib/gcc/avr/4.3.3/../../../../avr/lib/avr51\libc.a(memcmp.o)
                0x00007f58                memcmp
 .text.avr-libc
                0x00007f72       0x12 c:/winavr-20100110/bin/../lib/gcc/avr/4.3.3/../../../../avr/lib/avr51\libc.a(memcpy.o)
                0x00007f72                memcpy
 .text.avr-libc
                0x00007f84       0x24 c:/winavr-20100110/bin/../lib/gcc/avr/4.3.3/../../../../avr/lib/avr51\libc.a(memmove.o)
                0x00007f84                memmove
 .text.avr-libc
                0x00007fa8        0xe c:/winavr-20100110/bin/../lib/gcc/avr/4.3.3/../../../../avr/lib/avr51\libc.a(memset.o)
                0x00007fa8                memset
 .text.avr-libc
                0x00007fb6       0x20 c:/winavr-20100110/bin/../lib/gcc/avr/4.3.3/../../../../avr/lib/avr51\libc.a(eerd_block_atmega128.o)
                0x00007fba                __eerd_blraw_m128
                0x00007fb6                __eerd_block_m128
 .text.avr-libc
                0x00007fd6       0x14 c:/winavr-20100110/bin/../lib/gcc/avr/4.3.3/../../../../avr/lib/avr51\libc.a(eewr_block_atmega128.o)
                0x00007fd6                __eewr_block_m128
 .text.avr-libc
                0x00007fea       0x1a c:/winavr-20100110/bin/../lib/gcc/avr/4.3.3/../../../../avr/lib/avr51\libc.a(eewr_byte_atmega128.o)
                0x00007fec                __eewr_r18_m128
                0x00007fea                __eewr_byte_m128
                0x00008004                . = ALIGN (0x2)
 *(.fini9)
 .fini9         0x00008004        0x0 c:/winavr-20100110/bin/../lib/gcc/avr/4.3.3/avr51\libgcc.a(_exit.o)
                0x00008004                exit
                0x00008004                _exit
 *(.fini9)
 *(.fini8)
 *(.fini8)
 *(.fini7)
 *(.fini7)
 *(.fini6)
 *(.fini6)
 *(.fini5)
 *(.fini5)
 *(.fini4)
 *(.fini4)
 *(.fini3)
 *(.fini3)
 *(.fini2)
 *(.fini2)
 *(.fini1)
 *(.fini1)
 *(.fini0)
 .fini0         0x00008004        0x4 c:/winavr-20100110/bin/../lib/gcc/avr/4.3.3/avr51\libgcc.a(_exit.o)
 *(.fini0)
                0x00008008                _etext = .

.data           0x00800100       0x46 load address 0x00008008
                0x00800100                PROVIDE (__data_start, .)
 *(.data)
 .data          0x00800100        0x0 c:/winavr-20100110/bin/../lib/gcc/avr/4.3.3/../../../../avr/lib/avr51/crtm128.o
 .data          0x00800100        0xf main.o
                0x00800109                mac_addr
                0x00800101                arrStep
                0x00800100                ucSlaveID
 .data          0x0080010f        0x0 portevent.o
 .data          0x0080010f        0x0 portserial.o
 .data          0x0080010f        0x0 porttimer.o
 .data          0x0080010f       0x32 mb.o
 .data          0x00800141        0x0 mbfunccoils.o
 .data          0x00800141        0x0 mbfuncdiag.o
 .data          0x00800141        0x0 mbfuncdisc.o
 .data          0x00800141        0x0 mbfuncholding.o
 .data          0x00800141        0x0 mbfuncinput.o
 .data          0x00800141        0x0 mbfuncother.o
 .data          0x00800141        0x0 mbutils.o
 .data          0x00800141        0x0 mbcrc.o
 .data          0x00800141        0x0 mbrtu.o
 .data          0x00800141        0x0 ROBKO_01.o
 .data          0x00800141        0x0 arp.o
 .data          0x00800141        0x0 ethernet.o
 .data          0x00800141        0x0 icmp.o
 .data          0x00800141        0x0 ip.o
 .data          0x00800141        0x0 net.o
 .data          0x00800141        0x2 tcp.o
 .data          0x00800143        0x0 tcp_queue.o
 .data          0x00800143        0x2 udp.o
 .data          0x00800145        0x0 spi.o
 .data          0x00800145        0x0 clock.o
 .data          0x00800145        0x0 timer.o
 .data          0x00800145        0x0 enc424j600.o
 .data          0x00800145        0x0 porttcp.o
 .data          0x00800145        0x0 mbtcp.o
 .data          0x00800145        0x0 dhcp_client.o
 .data          0x00800145        0x0 ds1307.o
 .data          0x00800145        0x0 i2c.o
 .data          0x00800145        0x0 c:/winavr-20100110/bin/../lib/gcc/avr/4.3.3/../../../../avr/lib/avr51\libm.a(addsf3.o)
 .data          0x00800145        0x0 c:/winavr-20100110/bin/../lib/gcc/avr/4.3.3/../../../../avr/lib/avr51\libm.a(addsf3x.o)
 .data          0x00800145        0x0 c:/winavr-20100110/bin/../lib/gcc/avr/4.3.3/../../../../avr/lib/avr51\libm.a(atan2.o)
 .data          0x00800145        0x0 c:/winavr-20100110/bin/../lib/gcc/avr/4.3.3/../../../../avr/lib/avr51\libm.a(atan.o)
 .data          0x00800145        0x0 c:/winavr-20100110/bin/../lib/gcc/avr/4.3.3/../../../../avr/lib/avr51\libm.a(cmpsf2.o)
 .data          0x00800145        0x0 c:/winavr-20100110/bin/../lib/gcc/avr/4.3.3/../../../../avr/lib/avr51\libm.a(cos.o)
 .data          0x00800145        0x0 c:/winavr-20100110/bin/../lib/gcc/avr/4.3.3/../../../../avr/lib/avr51\libm.a(divsf3.o)
 .data          0x00800145        0x0 c:/winavr-20100110/bin/../lib/gcc/avr/4.3.3/../../../../avr/lib/avr51\libm.a(divsf3x.o)
 .data          0x00800145        0x0 c:/winavr-20100110/bin/../lib/gcc/avr/4.3.3/../../../../avr/lib/avr51\libm.a(fixsfsi.o)
 .data          0x00800145        0x0 c:/winavr-20100110/bin/../lib/gcc/avr/4.3.3/../../../../avr/lib/avr51\libm.a(fixunssfsi.o)
 .data          0x00800145        0x0 c:/winavr-20100110/bin/../lib/gcc/avr/4.3.3/../../../../avr/lib/avr51\libm.a(floatsisf.o)
 .data          0x00800145        0x0 c:/winavr-20100110/bin/../lib/gcc/avr/4.3.3/../../../../avr/lib/avr51\libm.a(fp_cmp.o)
 .data          0x00800145        0x0 c:/winavr-20100110/bin/../lib/gcc/avr/4.3.3/../../../../avr/lib/avr51\libm.a(fp_inf.o)
 .data          0x00800145        0x0 c:/winavr-20100110/bin/../lib/gcc/avr/4.3.3/../../../../avr/lib/avr51\libm.a(fp_nan.o)
 .data          0x00800145        0x0 c:/winavr-20100110/bin/../lib/gcc/avr/4.3.3/../../../../avr/lib/avr51\libm.a(fp_powser.o)
 .data          0x00800145        0x0 c:/winavr-20100110/bin/../lib/gcc/avr/4.3.3/../../../../avr/lib/avr51\libm.a(fp_pscA.o)
 .data          0x00800145        0x0 c:/winavr-20100110/bin/../lib/gcc/avr/4.3.3/../../../../avr/lib/avr51\libm.a(fp_pscB.o)
 .data          0x00800145        0x0 c:/winavr-20100110/bin/../lib/gcc/avr/4.3.3/../../../../avr/lib/avr51\libm.a(fp_rempio2.o)
 .data          0x00800145        0x0 c:/winavr-20100110/bin/../lib/gcc/avr/4.3.3/../../../../avr/lib/avr51\libm.a(fp_round.o)
 .data          0x00800145        0x0 c:/winavr-20100110/bin/../lib/gcc/avr/4.3.3/../../../../avr/lib/avr51\libm.a(fp_sinus.o)
 .data          0x00800145        0x0 c:/winavr-20100110/bin/../lib/gcc/avr/4.3.3/../../../../avr/lib/avr51\libm.a(fp_split3.o)
 .data          0x00800145        0x0 c:/winavr-20100110/bin/../lib/gcc/avr/4.3.3/../../../../avr/lib/avr51\libm.a(fp_zero.o)
 .data          0x00800145        0x0 c:/winavr-20100110/bin/../lib/gcc/avr/4.3.3/../../../../avr/lib/avr51\libm.a(gesf2.o)
 .data          0x00800145        0x0 c:/winavr-20100110/bin/../lib/gcc/avr/4.3.3/../../../../avr/lib/avr51\libm.a(inverse.o)
 .data          0x00800145        0x0 c:/winavr-20100110/bin/../lib/gcc/avr/4.3.3/../../../../avr/lib/avr51\libm.a(mulsf3.o)
 .data          0x00800145        0x0 c:/winavr-20100110/bin/../lib/gcc/avr/4.3.3/../../../../avr/lib/avr51\libm.a(mulsf3x.o)
 .data          0x00800145        0x0 c:/winavr-20100110/bin/../lib/gcc/avr/4.3.3/../../../../avr/lib/avr51\libm.a(sin.o)
 .data          0x00800145        0x0 c:/winavr-20100110/bin/../lib/gcc/avr/4.3.3/../../../../avr/lib/avr51\libm.a(sqrt.o)
 .data          0x00800145        0x0 c:/winavr-20100110/bin/../lib/gcc/avr/4.3.3/../../../../avr/lib/avr51\libm.a(square.o)
 .data          0x00800145        0x0 c:/winavr-20100110/bin/../lib/gcc/avr/4.3.3/../../../../avr/lib/avr51\libm.a(fp_mpack.o)
 .data          0x00800145        0x0 c:/winavr-20100110/bin/../lib/gcc/avr/4.3.3/../../../../avr/lib/avr51\libm.a(fp_norm2.o)
 .data          0x00800145        0x0 c:/winavr-20100110/bin/../lib/gcc/avr/4.3.3/../../../../avr/lib/avr51\libm.a(fp_powsodd.o)
 .data          0x00800145        0x0 c:/winavr-20100110/bin/../lib/gcc/avr/4.3.3/avr51\libgcc.a(_mulsi3.o)
 .data          0x00800145        0x0 c:/winavr-20100110/bin/../lib/gcc/avr/4.3.3/avr51\libgcc.a(_divmodqi4.o)
 .data          0x00800145        0x0 c:/winavr-20100110/bin/../lib/gcc/avr/4.3.3/avr51\libgcc.a(_udivmodhi4.o)
 .data          0x00800145        0x0 c:/winavr-20100110/bin/../lib/gcc/avr/4.3.3/avr51\libgcc.a(_udivmodsi4.o)
 .data          0x00800145        0x0 c:/winavr-20100110/bin/../lib/gcc/avr/4.3.3/avr51\libgcc.a(_exit.o)
 .data          0x00800145        0x0 c:/winavr-20100110/bin/../lib/gcc/avr/4.3.3/avr51\libgcc.a(_clear_bss.o)
 .data          0x00800145        0x0 c:/winavr-20100110/bin/../lib/gcc/avr/4.3.3/avr51\libgcc.a(_udivmodqi4.o)
 .data          0x00800145        0x0 c:/winavr-20100110/bin/../lib/gcc/avr/4.3.3/../../../../avr/lib/avr51\libc.a(strncpy_P.o)
 .data          0x00800145        0x0 c:/winavr-20100110/bin/../lib/gcc/avr/4.3.3/../../../../avr/lib/avr51\libc.a(memcmp.o)
 .data          0x00800145        0x0 c:/winavr-20100110/bin/../lib/gcc/avr/4.3.3/../../../../avr/lib/avr51\libc.a(memcpy.o)
 .data          0x00800145        0x0 c:/winavr-20100110/bin/../lib/gcc/avr/4.3.3/../../../../avr/lib/avr51\libc.a(memmove.o)
 .data          0x00800145        0x0 c:/winavr-20100110/bin/../lib/gcc/avr/4.3.3/../../../../avr/lib/avr51\libc.a(memset.o)
 .data          0x00800145        0x0 c:/winavr-20100110/bin/../lib/gcc/avr/4.3.3/../../../../avr/lib/avr51\libc.a(eerd_block_atmega128.o)
 .data          0x00800145        0x0 c:/winavr-20100110/bin/../lib/gcc/avr/4.3.3/../../../../avr/lib/avr51\libc.a(eewr_block_atmega128.o)
 .data          0x00800145        0x0 c:/winavr-20100110/bin/../lib/gcc/avr/4.3.3/../../../../avr/lib/avr51\libc.a(eewr_byte_atmega128.o)
 *(.data*)
 *(.rodata)
 *(.rodata*)
 *(.gnu.linkonce.d*)
                0x00800146                . = ALIGN (0x2)
 *fill*         0x00800145        0x1 00
                0x00800146                _edata = .
                0x00800146                PROVIDE (__data_end, .)

.bss            0x00800146      0xf2d
                0x00800146                PROVIDE (__bss_start, .)
 *(.bss)
 .bss           0x00800146        0x0 c:/winavr-20100110/bin/../lib/gcc/avr/4.3.3/../../../../avr/lib/avr51/crtm128.o
 .bss           0x00800146       0x22 main.o
                0x00800146                ucRegDiscBuf
                0x0080014d                net_link_up
                0x0080014b                timer_events
                0x0080014e                flagDhcp
                0x0080014a                uiModbusTimeOutCounter
 .bss           0x00800168        0x3 portevent.o
 .bss           0x0080016b        0x0 portserial.o
 .bss           0x0080016b        0x2 porttimer.o
 .bss           0x0080016d       0x15 mb.o
 .bss           0x00800182        0x0 mbfunccoils.o
 .bss           0x00800182        0x0 mbfuncdiag.o
 .bss           0x00800182        0x0 mbfuncdisc.o
 .bss           0x00800182        0x0 mbfuncholding.o
 .bss           0x00800182        0x0 mbfuncinput.o
 .bss           0x00800182       0x22 mbfuncother.o
 .bss           0x008001a4        0x0 mbutils.o
 .bss           0x008001a4        0x0 mbcrc.o
 .bss           0x008001a4        0xa mbrtu.o
 .bss           0x008001ae        0x0 ROBKO_01.o
 .bss           0x008001ae       0x2c arp.o
 .bss           0x008001da        0x6 ethernet.o
 .bss           0x008001e0        0x0 icmp.o
 .bss           0x008001e0       0x10 ip.o
 .bss           0x008001f0        0x0 net.o
 .bss           0x008001f0       0xa5 tcp.o
 .bss           0x00800295      0x6a8 tcp_queue.o
 .bss           0x0080093d       0x14 udp.o
 .bss           0x00800951        0x0 spi.o
 .bss           0x00800951        0x4 clock.o
 .bss           0x00800955       0x31 timer.o
 .bss           0x00800986        0x3 enc424j600.o
 .bss           0x00800989      0x10e porttcp.o
 .bss           0x00800a97        0x0 mbtcp.o
 .bss           0x00800a97       0x1d dhcp_client.o
 .bss           0x00800ab4        0x0 ds1307.o
 .bss           0x00800ab4        0x0 i2c.o
 .bss           0x00800ab4        0x0 c:/winavr-20100110/bin/../lib/gcc/avr/4.3.3/../../../../avr/lib/avr51\libm.a(addsf3.o)
 .bss           0x00800ab4        0x0 c:/winavr-20100110/bin/../lib/gcc/avr/4.3.3/../../../../avr/lib/avr51\libm.a(addsf3x.o)
 .bss           0x00800ab4        0x0 c:/winavr-20100110/bin/../lib/gcc/avr/4.3.3/../../../../avr/lib/avr51\libm.a(atan2.o)
 .bss           0x00800ab4        0x0 c:/winavr-20100110/bin/../lib/gcc/avr/4.3.3/../../../../avr/lib/avr51\libm.a(atan.o)
 .bss           0x00800ab4        0x0 c:/winavr-20100110/bin/../lib/gcc/avr/4.3.3/../../../../avr/lib/avr51\libm.a(cmpsf2.o)
 .bss           0x00800ab4        0x0 c:/winavr-20100110/bin/../lib/gcc/avr/4.3.3/../../../../avr/lib/avr51\libm.a(cos.o)
 .bss           0x00800ab4        0x0 c:/winavr-20100110/bin/../lib/gcc/avr/4.3.3/../../../../avr/lib/avr51\libm.a(divsf3.o)
 .bss           0x00800ab4        0x0 c:/winavr-20100110/bin/../lib/gcc/avr/4.3.3/../../../../avr/lib/avr51\libm.a(divsf3x.o)
 .bss           0x00800ab4        0x0 c:/winavr-20100110/bin/../lib/gcc/avr/4.3.3/../../../../avr/lib/avr51\libm.a(fixsfsi.o)
 .bss           0x00800ab4        0x0 c:/winavr-20100110/bin/../lib/gcc/avr/4.3.3/../../../../avr/lib/avr51\libm.a(fixunssfsi.o)
 .bss           0x00800ab4        0x0 c:/winavr-20100110/bin/../lib/gcc/avr/4.3.3/../../../../avr/lib/avr51\libm.a(floatsisf.o)
 .bss           0x00800ab4        0x0 c:/winavr-20100110/bin/../lib/gcc/avr/4.3.3/../../../../avr/lib/avr51\libm.a(fp_cmp.o)
 .bss           0x00800ab4        0x0 c:/winavr-20100110/bin/../lib/gcc/avr/4.3.3/../../../../avr/lib/avr51\libm.a(fp_inf.o)
 .bss           0x00800ab4        0x0 c:/winavr-20100110/bin/../lib/gcc/avr/4.3.3/../../../../avr/lib/avr51\libm.a(fp_nan.o)
 .bss           0x00800ab4        0x0 c:/winavr-20100110/bin/../lib/gcc/avr/4.3.3/../../../../avr/lib/avr51\libm.a(fp_powser.o)
 .bss           0x00800ab4        0x0 c:/winavr-20100110/bin/../lib/gcc/avr/4.3.3/../../../../avr/lib/avr51\libm.a(fp_pscA.o)
 .bss           0x00800ab4        0x0 c:/winavr-20100110/bin/../lib/gcc/avr/4.3.3/../../../../avr/lib/avr51\libm.a(fp_pscB.o)
 .bss           0x00800ab4        0x0 c:/winavr-20100110/bin/../lib/gcc/avr/4.3.3/../../../../avr/lib/avr51\libm.a(fp_rempio2.o)
 .bss           0x00800ab4        0x0 c:/winavr-20100110/bin/../lib/gcc/avr/4.3.3/../../../../avr/lib/avr51\libm.a(fp_round.o)
 .bss           0x00800ab4        0x0 c:/winavr-20100110/bin/../lib/gcc/avr/4.3.3/../../../../avr/lib/avr51\libm.a(fp_sinus.o)
 .bss           0x00800ab4        0x0 c:/winavr-20100110/bin/../lib/gcc/avr/4.3.3/../../../../avr/lib/avr51\libm.a(fp_split3.o)
 .bss           0x00800ab4        0x0 c:/winavr-20100110/bin/../lib/gcc/avr/4.3.3/../../../../avr/lib/avr51\libm.a(fp_zero.o)
 .bss           0x00800ab4        0x0 c:/winavr-20100110/bin/../lib/gcc/avr/4.3.3/../../../../avr/lib/avr51\libm.a(gesf2.o)
 .bss           0x00800ab4        0x0 c:/winavr-20100110/bin/../lib/gcc/avr/4.3.3/../../../../avr/lib/avr51\libm.a(inverse.o)
 .bss           0x00800ab4        0x0 c:/winavr-20100110/bin/../lib/gcc/avr/4.3.3/../../../../avr/lib/avr51\libm.a(mulsf3.o)
 .bss           0x00800ab4        0x0 c:/winavr-20100110/bin/../lib/gcc/avr/4.3.3/../../../../avr/lib/avr51\libm.a(mulsf3x.o)
 .bss           0x00800ab4        0x0 c:/winavr-20100110/bin/../lib/gcc/avr/4.3.3/../../../../avr/lib/avr51\libm.a(sin.o)
 .bss           0x00800ab4        0x0 c:/winavr-20100110/bin/../lib/gcc/avr/4.3.3/../../../../avr/lib/avr51\libm.a(sqrt.o)
 .bss           0x00800ab4        0x0 c:/winavr-20100110/bin/../lib/gcc/avr/4.3.3/../../../../avr/lib/avr51\libm.a(square.o)
 .bss           0x00800ab4        0x0 c:/winavr-20100110/bin/../lib/gcc/avr/4.3.3/../../../../avr/lib/avr51\libm.a(fp_mpack.o)
 .bss           0x00800ab4        0x0 c:/winavr-20100110/bin/../lib/gcc/avr/4.3.3/../../../../avr/lib/avr51\libm.a(fp_norm2.o)
 .bss           0x00800ab4        0x0 c:/winavr-20100110/bin/../lib/gcc/avr/4.3.3/../../../../avr/lib/avr51\libm.a(fp_powsodd.o)
 .bss           0x00800ab4        0x0 c:/winavr-20100110/bin/../lib/gcc/avr/4.3.3/avr51\libgcc.a(_mulsi3.o)
 .bss           0x00800ab4        0x0 c:/winavr-20100110/bin/../lib/gcc/avr/4.3.3/avr51\libgcc.a(_divmodqi4.o)
 .bss           0x00800ab4        0x0 c:/winavr-20100110/bin/../lib/gcc/avr/4.3.3/avr51\libgcc.a(_udivmodhi4.o)
 .bss           0x00800ab4        0x0 c:/winavr-20100110/bin/../lib/gcc/avr/4.3.3/avr51\libgcc.a(_udivmodsi4.o)
 .bss           0x00800ab4        0x0 c:/winavr-20100110/bin/../lib/gcc/avr/4.3.3/avr51\libgcc.a(_exit.o)
 .bss           0x00800ab4        0x0 c:/winavr-20100110/bin/../lib/gcc/avr/4.3.3/avr51\libgcc.a(_clear_bss.o)
 .bss           0x00800ab4        0x0 c:/winavr-20100110/bin/../lib/gcc/avr/4.3.3/avr51\libgcc.a(_udivmodqi4.o)
 .bss           0x00800ab4        0x0 c:/winavr-20100110/bin/../lib/gcc/avr/4.3.3/../../../../avr/lib/avr51\libc.a(strncpy_P.o)
 .bss           0x00800ab4        0x0 c:/winavr-20100110/bin/../lib/gcc/avr/4.3.3/../../../../avr/lib/avr51\libc.a(memcmp.o)
 .bss           0x00800ab4        0x0 c:/winavr-20100110/bin/../lib/gcc/avr/4.3.3/../../../../avr/lib/avr51\libc.a(memcpy.o)
 .bss           0x00800ab4        0x0 c:/winavr-20100110/bin/../lib/gcc/avr/4.3.3/../../../../avr/lib/avr51\libc.a(memmove.o)
 .bss           0x00800ab4        0x0 c:/winavr-20100110/bin/../lib/gcc/avr/4.3.3/../../../../avr/lib/avr51\libc.a(memset.o)
 .bss           0x00800ab4        0x0 c:/winavr-20100110/bin/../lib/gcc/avr/4.3.3/../../../../avr/lib/avr51\libc.a(eerd_block_atmega128.o)
 .bss           0x00800ab4        0x0 c:/winavr-20100110/bin/../lib/gcc/avr/4.3.3/../../../../avr/lib/avr51\libc.a(eewr_block_atmega128.o)
 .bss           0x00800ab4        0x0 c:/winavr-20100110/bin/../lib/gcc/avr/4.3.3/../../../../avr/lib/avr51\libc.a(eewr_byte_atmega128.o)
 *(.bss*)
 *(COMMON)
 COMMON         0x00800ab4       0xf8 main.o
                0x00800ab4                uiRegHolding
                0x00800ad2                dz
                0x00800ad6                Z2
                0x00800ad8                dG
                0x00800adc                P1
                0x00800ae0                inPort
                0x00800b00                Y2
                0x00800b02                X2
                0x00800b04                P2
                0x00800b06                flagAllMotorNotMove
                0x00800b07                R1
                0x00800b0b                dx
                0x00800b0f                X1
                0x00800b13                uiRegInputBuf
                0x00800b31                delta
                0x00800b35                dy
                0x00800b39                R2
                0x00800b3b                arrMotor
                0x00800b5f                Z1
                0x00800b63                G2
                0x00800b65                dR
                0x00800b69                G1
                0x00800b6d                outPort
                0x00800b85                a
                0x00800b89                Y1
                0x00800b8d                ucRegCoilsBuf
                0x00800b90                dP
                0x00800b94                arrPos
 COMMON         0x00800bac        0xa mb.o
                0x00800bac                pxMBFrameCBTransmitterEmpty
                0x00800bae                pxMBPortCBTimerExpired
                0x00800bb0                pxMBFrameCBByteReceived
                0x00800bb2                pxMBFrameCBTransmitFSMCur
                0x00800bb4                pxMBFrameCBReceiveFSMCur
 COMMON         0x00800bb6      0x100 mbrtu.o
                0x00800bb6                ucRTUBuf
 COMMON         0x00800cb6      0x3b4 ethernet.o
                0x00800cb6                ethernet_rx_buffer
                0x00800e90                ethernet_tx_buffer
 COMMON         0x0080106a        0x9 ds1307.o
                0x0080106a                hour_mode
                0x0080106b                ds1307_addr
                0x00801072                ampm_mode
                0x00801073                PROVIDE (__bss_end, .)
                0x00008008                __data_load_start = LOADADDR (.data)
                0x0000804e                __data_load_end = (__data_load_start + SIZEOF (.data))

.noinit         0x00801073        0x0
                0x00801073                PROVIDE (__noinit_start, .)
 *(.noinit*)
                0x00801073                PROVIDE (__noinit_end, .)
                0x00801073                _end = .
                0x00801073                PROVIDE (__heap_start, .)

.eeprom         0x00810000       0x25
 *(.eeprom*)
 .eeprom        0x00810000       0x25 main.o
                0x00810000                dontUsesAddressZeroOfEEPROM
                0x00810001                EEPROM_arrMotor
                0x00810025                __eeprom_end = .

.fuse
 *(.fuse)
 *(.lfuse)
 *(.hfuse)
 *(.efuse)

.lock
 *(.lock*)

.signature
 *(.signature*)

.stab
 *(.stab)

.stabstr
 *(.stabstr)

.stab.excl
 *(.stab.excl)

.stab.exclstr
 *(.stab.exclstr)

.stab.index
 *(.stab.index)

.stab.indexstr
 *(.stab.indexstr)

.comment
 *(.comment)

.debug
 *(.debug)

.line
 *(.line)

.debug_srcinfo
 *(.debug_srcinfo)

.debug_sfnames
 *(.debug_sfnames)

.debug_aranges  0x00000000      0x3e0
 *(.debug_aranges)
 .debug_aranges
                0x00000000       0x20 main.o
 .debug_aranges
                0x00000020       0x20 portevent.o
 .debug_aranges
                0x00000040       0x20 portserial.o
 .debug_aranges
                0x00000060       0x20 porttimer.o
 .debug_aranges
                0x00000080       0x20 mb.o
 .debug_aranges
                0x000000a0       0x20 mbfunccoils.o
 .debug_aranges
                0x000000c0       0x20 mbfuncdisc.o
 .debug_aranges
                0x000000e0       0x20 mbfuncholding.o
 .debug_aranges
                0x00000100       0x20 mbfuncinput.o
 .debug_aranges
                0x00000120       0x20 mbfuncother.o
 .debug_aranges
                0x00000140       0x20 mbutils.o
 .debug_aranges
                0x00000160       0x20 mbcrc.o
 .debug_aranges
                0x00000180       0x20 mbrtu.o
 .debug_aranges
                0x000001a0       0x20 ROBKO_01.o
 .debug_aranges
                0x000001c0       0x20 arp.o
 .debug_aranges
                0x000001e0       0x20 ethernet.o
 .debug_aranges
                0x00000200       0x20 icmp.o
 .debug_aranges
                0x00000220       0x20 ip.o
 .debug_aranges
                0x00000240       0x20 net.o
 .debug_aranges
                0x00000260       0x20 tcp.o
 .debug_aranges
                0x00000280       0x20 tcp_queue.o
 .debug_aranges
                0x000002a0       0x20 udp.o
 .debug_aranges
                0x000002c0       0x20 spi.o
 .debug_aranges
                0x000002e0       0x20 clock.o
 .debug_aranges
                0x00000300       0x20 timer.o
 .debug_aranges
                0x00000320       0x20 enc424j600.o
 .debug_aranges
                0x00000340       0x20 porttcp.o
 .debug_aranges
                0x00000360       0x20 mbtcp.o
 .debug_aranges
                0x00000380       0x20 dhcp_client.o
 .debug_aranges
                0x000003a0       0x20 ds1307.o
 .debug_aranges
                0x000003c0       0x20 i2c.o

.debug_pubnames
                0x00000000     0x1354
 *(.debug_pubnames)
 .debug_pubnames
                0x00000000      0x27d main.o
 .debug_pubnames
                0x0000027d       0x65 portevent.o
 .debug_pubnames
                0x000002e2       0xa2 portserial.o
 .debug_pubnames
                0x00000384       0x69 porttimer.o
 .debug_pubnames
                0x000003ed      0x107 mb.o
 .debug_pubnames
                0x000004f4       0x5a mbfunccoils.o
 .debug_pubnames
                0x0000054e       0x30 mbfuncdisc.o
 .debug_pubnames
                0x0000057e       0xa5 mbfuncholding.o
 .debug_pubnames
                0x00000623       0x2f mbfuncinput.o
 .debug_pubnames
                0x00000652       0x3d mbfuncother.o
 .debug_pubnames
                0x0000068f       0x52 mbutils.o
 .debug_pubnames
                0x000006e1       0x3a mbcrc.o
 .debug_pubnames
                0x0000071b       0xb3 mbrtu.o
 .debug_pubnames
                0x000007ce       0xa5 ROBKO_01.o
 .debug_pubnames
                0x00000873       0x45 arp.o
 .debug_pubnames
                0x000008b8       0x9b ethernet.o
 .debug_pubnames
                0x00000953       0x37 icmp.o
 .debug_pubnames
                0x0000098a       0xcd ip.o
 .debug_pubnames
                0x00000a57       0x3e net.o
 .debug_pubnames
                0x00000a95      0x17d tcp.o
 .debug_pubnames
                0x00000c12      0x1a7 tcp_queue.o
 .debug_pubnames
                0x00000db9       0xa8 udp.o
 .debug_pubnames
                0x00000e61       0x92 spi.o
 .debug_pubnames
                0x00000ef3       0x51 clock.o
 .debug_pubnames
                0x00000f44       0x99 timer.o
 .debug_pubnames
                0x00000fdd      0x183 enc424j600.o
 .debug_pubnames
                0x00001160       0x83 porttcp.o
 .debug_pubnames
                0x000011e3       0x63 mbtcp.o
 .debug_pubnames
                0x00001246       0x3e dhcp_client.o
 .debug_pubnames
                0x00001284       0x77 ds1307.o
 .debug_pubnames
                0x000012fb       0x59 i2c.o

.debug_info     0x00000000     0x7a6c
 *(.debug_info)
 .debug_info    0x00000000      0xa45 main.o
 .debug_info    0x00000a45      0x17d portevent.o
 .debug_info    0x00000bc2      0x254 portserial.o
 .debug_info    0x00000e16      0x11b porttimer.o
 .debug_info    0x00000f31      0x602 mb.o
 .debug_info    0x00001533      0x2e9 mbfunccoils.o
 .debug_info    0x0000181c        0x0 mbfuncdiag.o
 .debug_info    0x0000181c      0x1b6 mbfuncdisc.o
 .debug_info    0x000019d2      0x359 mbfuncholding.o
 .debug_info    0x00001d2b      0x1a7 mbfuncinput.o
 .debug_info    0x00001ed2      0x217 mbfuncother.o
 .debug_info    0x000020e9      0x27a mbutils.o
 .debug_info    0x00002363      0x1c6 mbcrc.o
 .debug_info    0x00002529      0x42a mbrtu.o
 .debug_info    0x00002953      0x425 ROBKO_01.o
 .debug_info    0x00002d78      0x3d9 arp.o
 .debug_info    0x00003151      0x1fb ethernet.o
 .debug_info    0x0000334c      0x15f icmp.o
 .debug_info    0x000034ab      0x49a ip.o
 .debug_info    0x00003945      0x14a net.o
 .debug_info    0x00003a8f      0xfec tcp.o
 .debug_info    0x00004a7b      0xa1d tcp_queue.o
 .debug_info    0x00005498      0x576 udp.o
 .debug_info    0x00005a0e      0x19c spi.o
 .debug_info    0x00005baa      0x20d clock.o
 .debug_info    0x00005db7      0x357 timer.o
 .debug_info    0x0000610e      0x99a enc424j600.o
 .debug_info    0x00006aa8      0x3eb porttcp.o
 .debug_info    0x00006e93      0x241 mbtcp.o
 .debug_info    0x000070d4      0x634 dhcp_client.o
 .debug_info    0x00007708      0x162 ds1307.o
 .debug_info    0x0000786a      0x202 i2c.o
 *(.gnu.linkonce.wi.*)

.debug_abbrev   0x00000000     0x28e2
 *(.debug_abbrev)
 .debug_abbrev  0x00000000      0x21c main.o
 .debug_abbrev  0x0000021c       0xb3 portevent.o
 .debug_abbrev  0x000002cf       0xe2 portserial.o
 .debug_abbrev  0x000003b1       0xa6 porttimer.o
 .debug_abbrev  0x00000457      0x17e mb.o
 .debug_abbrev  0x000005d5       0xdb mbfunccoils.o
 .debug_abbrev  0x000006b0        0x1 mbfuncdiag.o
 .debug_abbrev  0x000006b1       0x98 mbfuncdisc.o
 .debug_abbrev  0x00000749       0xb1 mbfuncholding.o
 .debug_abbrev  0x000007fa       0x98 mbfuncinput.o
 .debug_abbrev  0x00000892       0xbe mbfuncother.o
 .debug_abbrev  0x00000950       0xe6 mbutils.o
 .debug_abbrev  0x00000a36       0xda mbcrc.o
 .debug_abbrev  0x00000b10      0x120 mbrtu.o
 .debug_abbrev  0x00000c30      0x168 ROBKO_01.o
 .debug_abbrev  0x00000d98      0x20e arp.o
 .debug_abbrev  0x00000fa6      0x13f ethernet.o
 .debug_abbrev  0x000010e5       0xef icmp.o
 .debug_abbrev  0x000011d4      0x220 ip.o
 .debug_abbrev  0x000013f4       0xb1 net.o
 .debug_abbrev  0x000014a5      0x327 tcp.o
 .debug_abbrev  0x000017cc      0x266 tcp_queue.o
 .debug_abbrev  0x00001a32      0x236 udp.o
 .debug_abbrev  0x00001c68      0x10b spi.o
 .debug_abbrev  0x00001d73      0x115 clock.o
 .debug_abbrev  0x00001e88      0x166 timer.o
 .debug_abbrev  0x00001fee      0x2d7 enc424j600.o
 .debug_abbrev  0x000022c5      0x1a0 porttcp.o
 .debug_abbrev  0x00002465       0xdc mbtcp.o
 .debug_abbrev  0x00002541      0x214 dhcp_client.o
 .debug_abbrev  0x00002755       0xc2 ds1307.o
 .debug_abbrev  0x00002817       0xcb i2c.o

.debug_line     0x00000000     0x6591
 *(.debug_line)
 .debug_line    0x00000000      0xbca main.o
 .debug_line    0x00000bca      0x194 portevent.o
 .debug_line    0x00000d5e      0x264 portserial.o
 .debug_line    0x00000fc2      0x17c porttimer.o
 .debug_line    0x0000113e      0x3bf mb.o
 .debug_line    0x000014fd      0x2ef mbfunccoils.o
 .debug_line    0x000017ec       0x24 mbfuncdiag.o
 .debug_line    0x00001810      0x1dc mbfuncdisc.o
 .debug_line    0x000019ec      0x37d mbfuncholding.o
 .debug_line    0x00001d69      0x1c5 mbfuncinput.o
 .debug_line    0x00001f2e      0x18d mbfuncother.o
 .debug_line    0x000020bb      0x1c7 mbutils.o
 .debug_line    0x00002282      0x172 mbcrc.o
 .debug_line    0x000023f4      0x37a mbrtu.o
 .debug_line    0x0000276e      0x300 ROBKO_01.o
 .debug_line    0x00002a6e      0x26f arp.o
 .debug_line    0x00002cdd      0x142 ethernet.o
 .debug_line    0x00002e1f       0xf8 icmp.o
 .debug_line    0x00002f17      0x2b1 ip.o
 .debug_line    0x000031c8       0xd7 net.o
 .debug_line    0x0000329f      0xfd3 tcp.o
 .debug_line    0x00004272      0x573 tcp_queue.o
 .debug_line    0x000047e5      0x345 udp.o
 .debug_line    0x00004b2a      0x1bb spi.o
 .debug_line    0x00004ce5      0x1ef clock.o
 .debug_line    0x00004ed4      0x261 timer.o
 .debug_line    0x00005135      0x784 enc424j600.o
 .debug_line    0x000058b9      0x2e8 porttcp.o
 .debug_line    0x00005ba1      0x1c8 mbtcp.o
 .debug_line    0x00005d69      0x4bd dhcp_client.o
 .debug_line    0x00006226      0x1e5 ds1307.o
 .debug_line    0x0000640b      0x186 i2c.o

.debug_frame    0x00000000      0xf00
 *(.debug_frame)
 .debug_frame   0x00000000       0xc0 main.o
 .debug_frame   0x000000c0       0x50 portevent.o
 .debug_frame   0x00000110       0x80 portserial.o
 .debug_frame   0x00000190       0x50 porttimer.o
 .debug_frame   0x000001e0       0x80 mb.o
 .debug_frame   0x00000260       0x40 mbfunccoils.o
 .debug_frame   0x000002a0       0x20 mbfuncdisc.o
 .debug_frame   0x000002c0       0x50 mbfuncholding.o
 .debug_frame   0x00000310       0x20 mbfuncinput.o
 .debug_frame   0x00000330       0x30 mbfuncother.o
 .debug_frame   0x00000360       0x40 mbutils.o
 .debug_frame   0x000003a0       0x20 mbcrc.o
 .debug_frame   0x000003c0       0x90 mbrtu.o
 .debug_frame   0x00000450       0x70 ROBKO_01.o
 .debug_frame   0x000004c0       0x50 arp.o
 .debug_frame   0x00000510       0x50 ethernet.o
 .debug_frame   0x00000560       0x30 icmp.o
 .debug_frame   0x00000590       0xb0 ip.o
 .debug_frame   0x00000640       0x40 net.o
 .debug_frame   0x00000680      0x1d0 tcp.o
 .debug_frame   0x00000850      0x160 tcp_queue.o
 .debug_frame   0x000009b0       0xb0 udp.o
 .debug_frame   0x00000a60       0x80 spi.o
 .debug_frame   0x00000ae0       0x60 clock.o
 .debug_frame   0x00000b40       0xa0 timer.o
 .debug_frame   0x00000be0      0x130 enc424j600.o
 .debug_frame   0x00000d10       0x80 porttcp.o
 .debug_frame   0x00000d90       0x60 mbtcp.o
 .debug_frame   0x00000df0       0x60 dhcp_client.o
 .debug_frame   0x00000e50       0x50 ds1307.o
 .debug_frame   0x00000ea0       0x60 i2c.o

.debug_str      0x00000000     0x29a5
 *(.debug_str)
 .debug_str     0x00000000      0x4e7 main.o
                                0x561 (size before relaxing)
 .debug_str     0x000004e7       0xd9 portevent.o
                                0x1ac (size before relaxing)
 .debug_str     0x000005c0      0x12c portserial.o
                                0x261 (size before relaxing)
 .debug_str     0x000006ec       0xa1 porttimer.o
                                0x180 (size before relaxing)
 .debug_str     0x0000078d      0x2f6 mb.o
                                0x564 (size before relaxing)
 .debug_str     0x00000a83       0xd6 mbfunccoils.o
                                0x330 (size before relaxing)
 .debug_str     0x00000b59       0x54 mbfuncdisc.o
                                0x2c8 (size before relaxing)
 .debug_str     0x00000bad      0x122 mbfuncholding.o
                                0x3a6 (size before relaxing)
 .debug_str     0x00000ccf       0x46 mbfuncinput.o
                                0x2bc (size before relaxing)
 .debug_str     0x00000d15       0x94 mbfuncother.o
                                0x2ea (size before relaxing)
 .debug_str     0x00000da9       0xb3 mbutils.o
                                0x2f7 (size before relaxing)
 .debug_str     0x00000e5c       0x73 mbcrc.o
                                0x183 (size before relaxing)
 .debug_str     0x00000ecf      0x1a7 mbrtu.o
                                0x39f (size before relaxing)
 .debug_str     0x00001076       0x91 ROBKO_01.o
                                 0xf1 (size before relaxing)
 .debug_str     0x00001107      0x16c arp.o
                                0x249 (size before relaxing)
 .debug_str     0x00001273       0xae ethernet.o
                                0x1b6 (size before relaxing)
 .debug_str     0x00001321       0x3d icmp.o
                                0x13e (size before relaxing)
 .debug_str     0x0000135e      0x1ac ip.o
                                0x2de (size before relaxing)
 .debug_str     0x0000150a       0x49 net.o
                                0x127 (size before relaxing)
 .debug_str     0x00001553      0x595 tcp.o
                                0x70f (size before relaxing)
 .debug_str     0x00001ae8      0x275 tcp_queue.o
                                0x3a8 (size before relaxing)
 .debug_str     0x00001d5d      0x121 udp.o
                                0x2bb (size before relaxing)
 .debug_str     0x00001e7e       0x72 spi.o
                                0x154 (size before relaxing)
 .debug_str     0x00001ef0       0xa7 clock.o
                                0x192 (size before relaxing)
 .debug_str     0x00001f97       0xd2 timer.o
                                0x1c2 (size before relaxing)
 .debug_str     0x00002069      0x3f5 enc424j600.o
                                0x507 (size before relaxing)
 .debug_str     0x0000245e      0x1a4 porttcp.o
                                0x3d7 (size before relaxing)
 .debug_str     0x00002602       0x6e mbtcp.o
                                0x20e (size before relaxing)
 .debug_str     0x00002670      0x244 dhcp_client.o
                                0x45c (size before relaxing)
 .debug_str     0x000028b4       0x6c ds1307.o
                                0x127 (size before relaxing)
 .debug_str     0x00002920       0x85 i2c.o
                                0x14d (size before relaxing)

.debug_loc      0x00000000     0x59e6
 *(.debug_loc)
 .debug_loc     0x00000000      0x6a8 main.o
 .debug_loc     0x000006a8       0x7b portevent.o
 .debug_loc     0x00000723      0x1f7 portserial.o
 .debug_loc     0x0000091a       0x3e porttimer.o
 .debug_loc     0x00000958      0x338 mb.o
 .debug_loc     0x00000c90      0x3b8 mbfunccoils.o
 .debug_loc     0x00001048      0x159 mbfuncdisc.o
 .debug_loc     0x000011a1      0x4f9 mbfuncholding.o
 .debug_loc     0x0000169a      0x130 mbfuncinput.o
 .debug_loc     0x000017ca      0x12f mbfuncother.o
 .debug_loc     0x000018f9       0xfe mbutils.o
 .debug_loc     0x000019f7       0x8c mbcrc.o
 .debug_loc     0x00001a83      0x2a4 mbrtu.o
 .debug_loc     0x00001d27      0x4aa ROBKO_01.o
 .debug_loc     0x000021d1      0x200 arp.o
 .debug_loc     0x000023d1      0x130 ethernet.o
 .debug_loc     0x00002501       0xd0 icmp.o
 .debug_loc     0x000025d1      0x216 ip.o
 .debug_loc     0x000027e7       0xbc net.o
 .debug_loc     0x000028a3     0x1341 tcp.o
 .debug_loc     0x00003be4      0x8e8 tcp_queue.o
 .debug_loc     0x000044cc      0x3f0 udp.o
 .debug_loc     0x000048bc       0x40 spi.o
 .debug_loc     0x000048fc      0x152 clock.o
 .debug_loc     0x00004a4e      0x190 timer.o
 .debug_loc     0x00004bde      0x4ca enc424j600.o
 .debug_loc     0x000050a8      0x226 porttcp.o
 .debug_loc     0x000052ce      0x1bf mbtcp.o
 .debug_loc     0x0000548d      0x35a dhcp_client.o
 .debug_loc     0x000057e7       0x99 ds1307.o
 .debug_loc     0x00005880      0x166 i2c.o

.debug_macinfo
 *(.debug_macinfo)
OUTPUT(ROBKO.elf elf32-avr)
LOAD linker stubs

.debug_ranges   0x00000000      0x320
 .debug_ranges  0x00000000       0x40 arp.o
 .debug_ranges  0x00000040      0x238 tcp.o
 .debug_ranges  0x00000278       0x78 enc424j600.o
 .debug_ranges  0x000002f0       0x30 dhcp_client.o
